// Jest Snapshot v1, https://goo.gl/fbAQLP

exports[`Home renders additional element when the component is rendered 1`] = `
<div
  data-testid="additional-element"
>
  Additional Element
</div>
`;
